[badlapurseva.com/56/mywings/index.html]
[backblue.gif]
[fade.gif]
[index.html]
[maxcdn.bootstrapcdn.com/bootstrap/3.3.2/css/bootstrap.min.css]
[maxcdn.bootstrapcdn.com/font-awesome/4.7.0/css/font-awesome.min.css]
[badlapurseva.com/56/mywings/wp-content/themes/mywings/css/owl.theme.css.css]
[cdnjs.cloudflare.com/ajax/libs/fancybox/3.0.47/jquery.fancybox.css]
[badlapurseva.com/56/mywings/comments/feed/index.html]
[badlapurseva.com/56/mywings/feed/index.html]
[badlapurseva.com/56/mywings/wp-includes/js/jquery/jquery4a5f.js]
[badlapurseva.com/56/mywings/wp-includes/js/jquery/jquery-migrate.min330a.js]
[badlapurseva.com/56/mywings/wp-json/index.html]
[badlapurseva.com/56/mywings/xmlrpc0db0.php]
[badlapurseva.com/56/mywings/wp-includes/wlwmanifest.xml]
[badlapurseva.com/56/mywings/wp-json/oembed/1.0/embed268f.json]
[badlapurseva.com/56/mywings/wp-json/oembed/1.0/embedafa5]
[badlapurseva.com/56/mywings/wp-content/uploads/2020/04/logo.png]
[badlapurseva.com/56/mywings/wp-content/uploads/2020/04/MyWingsWebshop1.jpg]
[badlapurseva.com/56/mywings/wp-content/uploads/2020/04/banner-1024x471-1.png]
[badlapurseva.com/56/mywings/wp-content/uploads/2020/04/GiveWings.jpg]
[badlapurseva.com/56/mywings/shop/index.html]
[badlapurseva.com/56/mywings/about-us/index.html]
[badlapurseva.com/56/mywings/wp-content/uploads/2020/04/December200.jpg]
[badlapurseva.com/56/mywings/flight-school/index.html]
[badlapurseva.com/56/mywings/wp-content/uploads/2020/04/HeaderPojke2.jpg]
[badlapurseva.com/56/mywings/gift-of-wings/index.html]
[badlapurseva.com/56/mywings/wp-content/themes/mywings/img/JungleButterflyLive.jpg]
[badlapurseva.com/56/mywings/contact/index.html]
[badlapurseva.com/56/mywings/wp-content/themes/mywings/img/JungleButterflyFront-600x600.jpg]
[badlapurseva.com/56/mywings/press/index.html]
[badlapurseva.com/56/mywings/wp-content/themes/mywings/img/MightyDragonPerson.jpg]
[badlapurseva.com/56/mywings/wp-content/themes/mywings/img/MightyDragonFront-600x600.jpg]
[badlapurseva.com/56/mywings/wp-content/themes/mywings/img/MagicalFairyPerson.jpg]
[badlapurseva.com/56/mywings/wp-content/themes/mywings/img/MagicakFairyFront-600x600.jpg]
[badlapurseva.com/56/mywings/wp-content/themes/mywings/img/DancingButterflyPerson.jpg]
[badlapurseva.com/56/mywings/wp-content/themes/mywings/img/DancingButterflyFront.jpg]
[badlapurseva.com/56/mywings/wp-content/uploads/2020/04/HeaderPojke.jpg]
[badlapurseva.com/56/mywings/wp-content/uploads/2020/04/MightyDragonText-925x925-1.jpg]
[badlapurseva.com/56/mywings/wp-content/uploads/2020/04/MightyDragonPerson.jpg]
[badlapurseva.com/56/mywings/wp-content/uploads/2020/04/MagicalFairyText-925x925-1.jpg]
[badlapurseva.com/56/mywings/wp-content/uploads/2020/04/MagicalFairyPerson.jpg]
[badlapurseva.com/56/mywings/wp-content/uploads/2020/04/JungleButterflyWithText.jpg]
[badlapurseva.com/56/mywings/wp-content/uploads/2020/04/DancingButterflyPerson2.jpg]
[badlapurseva.com/56/mywings/wp-content/uploads/2020/04/DancingButterflyText-925x925-1.jpg]
[badlapurseva.com/56/mywings/wp-content/uploads/2020/04/happy-girl-pic.jpg]
[badlapurseva.com/56/mywings/wp-content/uploads/2020/04/HeaderPojke2-1.jpg]
[badlapurseva.com/56/mywings/wp-content/uploads/2020/04/JungleButterflyLive.jpg]
[badlapurseva.com/56/mywings/wp-content/uploads/2020/04/banner-1024x471-1.jpg]
[badlapurseva.com/56/mywings/wp-content/uploads/2020/04/banner-1024x471-2.png]
[badlapurseva.com/56/mywings/wp-content/uploads/2020/04/DancingButterflyPerson.jpg]
[badlapurseva.com/56/mywings/wp-content/uploads/2020/04/100cotton.png]
[badlapurseva.com/56/mywings/wp-content/uploads/2020/04/fair-trade.png]
[badlapurseva.com/56/mywings/wp-content/uploads/2020/04/machine-washable.png]
[badlapurseva.com/56/mywings/wp-content/uploads/2020/04/FlightSchool.png]
[badlapurseva.com/56/mywings/wp-content/uploads/2020/04/GiftOfWingsContent.jpg]
[badlapurseva.com/56/mywings/wp-content/uploads/2020/04/payment_paypal.png]
[badlapurseva.com/56/mywings/wp-content/uploads/2020/04/payment_visa.png]
[badlapurseva.com/56/mywings/faq/index.html]
[badlapurseva.com/56/mywings/terms-and-conditions/index.html]
[badlapurseva.com/56/mywings/wp-content/uploads/2020/04/payment_mastercard.png]
[badlapurseva.com/56/mywings/retail-affiliate-partners/index.html]
[badlapurseva.com/56/mywings/wp-content/uploads/2020/04/payment_6.png]
[badlapurseva.com/56/mywings/wp-content/uploads/2020/04/payment_5.png]
[badlapurseva.com/56/mywings/wp-content/uploads/2020/04/payment_4.png]
[ajax.googleapis.com/ajax/libs/jquery/1.11.2/jquery.min.js]
[badlapurseva.com/56/mywings/wp-content/themes/mywings/js/owl.carousel.js]
[maxcdn.bootstrapcdn.com/bootstrap/3.3.2/js/bootstrap.min.js]
[badlapurseva.com/56/mywings/wp-content/themes/mywings/js/custom.js]
[badlapurseva.com/56/mywings/wp-content/themes/mywings/js/universal-parallax.min.js]
[cdnjs.cloudflare.com/ajax/libs/fitvids/1.1.0/jquery.fitvids.min.js]
[cdnjs.cloudflare.com/ajax/libs/slick-carousel/1.6.0/slick.js]
[badlapurseva.com/56/mywings/wp-content/themes/mywings/assets/js/skip-link-focus-fixb448.js]
[badlapurseva.com/56/mywings/wp-content/themes/mywings/assets/js/navigation6877.js]
[badlapurseva.com/56/mywings/wp-content/themes/mywings/assets/js/global5841.js]
[badlapurseva.com/56/mywings/wp-content/themes/mywings/assets/js/jquery.scrollTo431f.js]
[badlapurseva.com/56/mywings/wp-includes/js/wp-embed.min7661.js]
[img1.wsimg.com/tcc/tcc_l.combined.1.0.6.min.js]
[badlapurseva.com/56/mywings/index.html]
[maxcdn.bootstrapcdn.com/bootstrap/3.3.2/css/bootstrap.min.css]
[maxcdn.bootstrapcdn.com/font-awesome/4.7.0/css/font-awesome.min.css]
[badlapurseva.com/56/mywings/wp-content/themes/mywings/css/navbar-style.css]
[badlapurseva.com/56/mywings/wp-content/themes/mywings/img/slide-1.47.delayed]
[badlapurseva.com/56/mywings/wp-content/themes/mywings/img/slide-2.jpeg]
[badlapurseva.com/56/mywings/wp-content/themes/mywings/img/slide-3.jpeg]
[badlapurseva.com/56/mywings/wp-content/themes/mywings/img/GiftOfWin.jpg]
[badlapurseva.com/56/mywings/wp-content/themes/mywings/img/girl-baloon.jpg]
[my-wings.com/wp-content/uploads/2015/05/Footer-2.gif]
[badlapurseva.com/56/mywings/wp-content/themes/mywings/img/RetailerSmall-1.png]
[badlapurseva.com/56/mywings/wp-content/themes/mywings/css/style.css]
[badlapurseva.com/56/mywings/wp-content/themes/mywings/css/responsive.css]
[badlapurseva.com/56/mywings/wp-content/themes/mywings/css/grabbing.4e.delayed]
[badlapurseva.com/56/mywings/wp-content/themes/mywings/css/owl.carousel.css]
[badlapurseva.com/56/mywings/wp-content/themes/mywings/css/owl.theme.css.html]
[badlapurseva.com/56/mywings/wp-content/themes/mywings/fonts/Simple-Line-Iconsb26c.eot]
[badlapurseva.com/56/mywings/wp-content/themes/mywings/fonts/Simple-Line-Iconsb26c.woff2]
[badlapurseva.com/56/mywings/wp-content/themes/mywings/fonts/Simple-Line-Iconsb26c.ttf]
[badlapurseva.com/56/mywings/wp-content/themes/mywings/fonts/Simple-Line-Iconsb26c.woff]
[badlapurseva.com/56/mywings/wp-content/themes/mywings/css/simple-icon.css]
[cdnjs.cloudflare.com/ajax/libs/fancybox/3.0.47/jquery.fancybox.css]
[badlapurseva.com/56/mywings/wp-includes/css/dist/block-library/style.min7661.css]
[badlapurseva.com/56/mywings/wp-includes/css/dist/block-library/theme.min7661.css]
[badlapurseva.com/56/mywings/wp-content/themes/mywings/style8d89.css]
[badlapurseva.com/56/mywings/wp-content/themes/mywings/assets/css/blocksfbfa.css]
[badlapurseva.com/56/mywings/wp-json/oembed/1.0/embedbe2b.json]
[badlapurseva.com/56/mywings/wp-json/oembed/1.0/embed9589]
[badlapurseva.com/56/mywings/wp-content/uploads/2020/05/GiftOfWingsContent.jpg]
[badlapurseva.com/56/mywings/shop/index.html]
[badlapurseva.com/56/mywings/wp-json/oembed/1.0/embedf8cc.json]
[badlapurseva.com/56/mywings/wp-json/oembed/1.0/embed5c27]
[badlapurseva.com/56/mywings/about-us/index.html]
[badlapurseva.com/56/mywings/wp-json/oembed/1.0/embed8c01.json]
[badlapurseva.com/56/mywings/wp-json/oembed/1.0/embed3fe7]
[badlapurseva.com/56/mywings/flight-school/index.html]
[badlapurseva.com/56/mywings/wp-json/oembed/1.0/embed229f.json]
[badlapurseva.com/56/mywings/wp-json/oembed/1.0/embeda901]
[badlapurseva.com/56/mywings/wp-content/uploads/2020/05/GiftOfWingsHeader.jpg]
[badlapurseva.com/56/mywings/wp-content/themes/mywings/img/5dollars.jpg]
[badlapurseva.com/56/mywings/wp-content/themes/mywings/img/5.jpg]
[badlapurseva.com/56/mywings/wp-content/themes/mywings/img/27.jpg]
[badlapurseva.com/56/mywings/wp-content/themes/mywings/img/99.jpg]
[badlapurseva.com/56/mywings/wp-content/themes/mywings/img/400.jpg]
[badlapurseva.com/56/mywings/wp-content/themes/mywings/img/1000.jpg]
[badlapurseva.com/56/mywings/wp-content/themes/mywings/img/5000.jpg]
[badlapurseva.com/56/mywings/wp-content/themes/mywings/img/10000.jpg]
[badlapurseva.com/56/mywings/gift-of-wings/index.html]
[badlapurseva.com/56/mywings/wp-json/oembed/1.0/embedbc5f.json]
[badlapurseva.com/56/mywings/wp-json/oembed/1.0/embed9cba]
[badlapurseva.com/56/mywings/wp-content/uploads/2020/05/Lee.jpg]
[badlapurseva.com/56/mywings/contact/index.html]
[badlapurseva.com/56/mywings/wp-json/oembed/1.0/embed369d.json]
[badlapurseva.com/56/mywings/wp-json/oembed/1.0/embed7883]
[badlapurseva.com/56/mywings/wp-content/uploads/2020/05/Press.jpg]
[badlapurseva.com/56/mywings/wp-content/uploads/2020/05/lee2.png]
[badlapurseva.com/56/mywings/wp-content/uploads/2020/05/Relax.jpg]
[badlapurseva.com/56/mywings/wp-content/uploads/2020/05/DancingButterflyPerson.jpg]
[badlapurseva.com/56/mywings/wp-content/uploads/2020/05/HeaderPojke.jpg]
[badlapurseva.com/56/mywings/wp-content/uploads/2020/05/JungleButterflyLive.jpg]
[badlapurseva.com/56/mywings/wp-content/uploads/2020/05/lee2-1.png]
[badlapurseva.com/56/mywings/wp-content/uploads/2020/05/Lee-press.jpg]
[badlapurseva.com/56/mywings/wp-content/uploads/2020/05/MagicalFairyPerson2.jpg]
[badlapurseva.com/56/mywings/press/index.html]
[badlapurseva.com/56/mywings/wp-json/oembed/1.0/embed20d8.json]
[badlapurseva.com/56/mywings/wp-json/oembed/1.0/embedf385]
[badlapurseva.com/56/mywings/faq/index.html]
[badlapurseva.com/56/mywings/wp-json/oembed/1.0/embedfd97.json]
[badlapurseva.com/56/mywings/wp-json/oembed/1.0/embed32c9]
[badlapurseva.com/56/mywings/terms-and-conditions/index.html]
[badlapurseva.com/56/mywings/wp-json/oembed/1.0/embedde3c.json]
[badlapurseva.com/56/mywings/wp-json/oembed/1.0/embed2c53]
[badlapurseva.com/56/mywings/retail-affiliate-partners/index.html]
[img1.wsimg.com/tcc/tcc_l.combined.1.0.6.min.js]
[badlapurseva.com/56/mywings/wp-content/themes/mywings/img/slide-1.html]
[badlapurseva.com/56/mywings/wp-content/themes/mywings/img/slide-2.html]
[badlapurseva.com/56/mywings/wp-content/themes/mywings/img/slide-3.html]
[badlapurseva.com/56/mywings/wp-content/themes/mywings/css/grabbing.html]
[badlapurseva.com/56/mywings/wp-content/themes/mywings/fonts/Simple-Line-Iconsb26c.svg]
[badlapurseva.com/56/mywings/index2df4.html]
[badlapurseva.com/56/mywings/index678b.html]
[badlapurseva.com/56/mywings/index0b69.html]
[badlapurseva.com/56/mywings/index0e62.html]
[badlapurseva.com/56/mywings/index0735.html]
[badlapurseva.com/56/mywings/index341b.html]
[badlapurseva.com/56/mywings/indexcbb6.html]
[badlapurseva.com/56/mywings/index4170.html]
[badlapurseva.com/56/mywings/index5e74.html]
